// Jest Snapshot v1, https://goo.gl/fbAQLP

exports[`Models Schema should hoist oneOfs when mergin allOf 1`] = `
{
  "absolutePointer": "",
  "oneOf": [
    {
      "allOf": [
        {
          "properties": {
            "id": {
              "description": "The user's ID",
              "type": "integer",
            },
          },
        },
        {
          "properties": {
            "username": {
              "description": "The user's name",
              "type": "string",
            },
          },
        },
        {
          "properties": {
            "extra": {
              "type": "string",
            },
          },
        },
        {
          "oneOf": [
            {
              "properties": {
                "password": {
                  "description": "The user's password",
                  "type": "string",
                },
              },
            },
            {
              "properties": {
                "mobile": {
                  "description": "The user's mobile",
                  "type": "string",
                },
              },
            },
          ],
        },
      ],
    },
    {
      "allOf": [
        {
          "properties": {
            "id": {
              "description": "The user's ID",
              "type": "integer",
            },
          },
        },
        {
          "properties": {
            "email": {
              "description": "The user's email",
              "type": "string",
            },
          },
        },
        {
          "properties": {
            "extra": {
              "type": "string",
            },
          },
        },
        {
          "oneOf": [
            {
              "properties": {
                "password": {
                  "description": "The user's password",
                  "type": "string",
                },
              },
            },
            {
              "properties": {
                "mobile": {
                  "description": "The user's mobile",
                  "type": "string",
                },
              },
            },
          ],
        },
      ],
    },
    {
      "allOf": [
        {
          "properties": {
            "id": {
              "description": "The user's ID",
              "type": "integer",
            },
          },
        },
        {
          "properties": {
            "id": {
              "description": "The user's ID",
              "format": "uuid",
              "type": "string",
            },
          },
        },
        {
          "properties": {
            "extra": {
              "type": "string",
            },
          },
        },
        {
          "oneOf": [
            {
              "properties": {
                "password": {
                  "description": "The user's password",
                  "type": "string",
                },
              },
            },
            {
              "properties": {
                "mobile": {
                  "description": "The user's mobile",
                  "type": "string",
                },
              },
            },
          ],
        },
      ],
    },
  ],
}
`;

exports[`Models Schema should not crash on self-referencing array in allOf 1`] = `
{
  "absolutePointer": "#/components/schemas/Array",
  "allOf": undefined,
  "description": undefined,
  "items": {
    "absolutePointer": "/0",
    "allOf": undefined,
    "description": undefined,
    "readOnly": undefined,
    "title": undefined,
    "type": "array",
    "writeOnly": undefined,
    "x-circular-ref": true,
    "x-complex": undefined,
    "x-parentRefs": [
      "#/components/schemas/Array",
    ],
  },
  "readOnly": undefined,
  "title": undefined,
  "type": "array",
  "writeOnly": undefined,
  "x-circular-ref": undefined,
  "x-complex": undefined,
  "x-parentRefs": [
    "#/components/schemas/Array",
  ],
}
`;
