// Jest Snapshot v1, https://goo.gl/fbAQLP

exports[`Components SchemaView OneOf deprecated should match snapshot 1`] = `
<div>
  <span
    class="sc-fUnMCh hPwMmL"
  >
     One of 
  </span>
  <div
    class="sc-feUZmu bTropM"
  >
    <button
      class="sc-hzhJZQ ilKqWS"
    >
      string
    </button>
    <button
      class="sc-hzhJZQ emRRrf"
    >
      integer
    </button>
  </div>
  <div>
    <span
      class="sc-jEACwC gWyYnj"
      type="warning"
    >
      Deprecated
    </span>
  </div>
  <div>
    <div>
      <div>
        <span
          class="sc-Nxspf sc-cfxfcM cXxAXt jrGEaR"
        />
        <span
          class="sc-Nxspf sc-gFAWRd cXxAXt dYzdDr"
        >
          string
        </span>
      </div>
       
      <div>
        <div
          class="sc-eeDRCY sc-eBMEME gTGgei fbXBig"
        />
      </div>
    </div>
  </div>
</div>
`;
